Archive member included because of file (symbol)

c:/program files (x86)/gnu tools arm embedded/4.8 2014q2/bin/../lib/gcc/arm-none-eabi/4.8.4/armv7e-m\libgcc.a(_arm_addsubdf3.o)
                              ..\obj\bsp.o (__aeabi_i2d)
c:/program files (x86)/gnu tools arm embedded/4.8 2014q2/bin/../lib/gcc/arm-none-eabi/4.8.4/armv7e-m\libgcc.a(_arm_muldivdf3.o)
                              ..\obj\main.o (__aeabi_dmul)
c:/program files (x86)/gnu tools arm embedded/4.8 2014q2/bin/../lib/gcc/arm-none-eabi/4.8.4/armv7e-m\libgcc.a(_arm_fixunsdfsi.o)
                              ..\obj\bsp.o (__aeabi_d2uiz)
c:/program files (x86)/gnu tools arm embedded/4.8 2014q2/bin/../lib/gcc/arm-none-eabi/4.8.4/armv7e-m\libgcc.a(_arm_truncdfsf2.o)
                              ..\obj\main.o (__aeabi_d2f)
c:/program files (x86)/gnu tools arm embedded/4.8 2014q2/bin/../lib/gcc/arm-none-eabi/4.8.4/armv7e-m\libgcc.a(_arm_addsubsf3.o)
                              ..\obj\main.o (__aeabi_ui2f)
c:/program files (x86)/gnu tools arm embedded/4.8 2014q2/bin/../lib/gcc/arm-none-eabi/4.8.4/armv7e-m\libgcc.a(_arm_muldivsf3.o)
                              ..\obj\main.o (__aeabi_fdiv)
c:/program files (x86)/gnu tools arm embedded/4.8 2014q2/bin/../lib/gcc/arm-none-eabi/4.8.4/armv7e-m\libgcc.a(_arm_fixsfsi.o)
                              ..\obj\main.o (__aeabi_f2iz)
c:/program files (x86)/gnu tools arm embedded/4.8 2014q2/bin/../lib/gcc/arm-none-eabi/4.8.4/../../../../arm-none-eabi/lib/armv7e-m\libg.a(lib_a-sprintf.o)
                              ..\obj\main.o (sprintf)
c:/program files (x86)/gnu tools arm embedded/4.8 2014q2/bin/../lib/gcc/arm-none-eabi/4.8.4/../../../../arm-none-eabi/lib/armv7e-m\libg.a(lib_a-svfprintf.o)
                              c:/program files (x86)/gnu tools arm embedded/4.8 2014q2/bin/../lib/gcc/arm-none-eabi/4.8.4/../../../../arm-none-eabi/lib/armv7e-m\libg.a(lib_a-sprintf.o) (_svfprintf_r)
c:/program files (x86)/gnu tools arm embedded/4.8 2014q2/bin/../lib/gcc/arm-none-eabi/4.8.4/../../../../arm-none-eabi/lib/armv7e-m\libg.a(lib_a-dtoa.o)
                              c:/program files (x86)/gnu tools arm embedded/4.8 2014q2/bin/../lib/gcc/arm-none-eabi/4.8.4/../../../../arm-none-eabi/lib/armv7e-m\libg.a(lib_a-svfprintf.o) (_dtoa_r)
c:/program files (x86)/gnu tools arm embedded/4.8 2014q2/bin/../lib/gcc/arm-none-eabi/4.8.4/../../../../arm-none-eabi/lib/armv7e-m\libg.a(lib_a-impure.o)
                              c:/program files (x86)/gnu tools arm embedded/4.8 2014q2/bin/../lib/gcc/arm-none-eabi/4.8.4/../../../../arm-none-eabi/lib/armv7e-m\libg.a(lib_a-sprintf.o) (_impure_ptr)
c:/program files (x86)/gnu tools arm embedded/4.8 2014q2/bin/../lib/gcc/arm-none-eabi/4.8.4/../../../../arm-none-eabi/lib/armv7e-m\libg.a(lib_a-locale.o)
                              c:/program files (x86)/gnu tools arm embedded/4.8 2014q2/bin/../lib/gcc/arm-none-eabi/4.8.4/../../../../arm-none-eabi/lib/armv7e-m\libg.a(lib_a-svfprintf.o) (_localeconv_r)
c:/program files (x86)/gnu tools arm embedded/4.8 2014q2/bin/../lib/gcc/arm-none-eabi/4.8.4/../../../../arm-none-eabi/lib/armv7e-m\libg.a(lib_a-mallocr.o)
                              c:/program files (x86)/gnu tools arm embedded/4.8 2014q2/bin/../lib/gcc/arm-none-eabi/4.8.4/../../../../arm-none-eabi/lib/armv7e-m\libg.a(lib_a-svfprintf.o) (_malloc_r)
c:/program files (x86)/gnu tools arm embedded/4.8 2014q2/bin/../lib/gcc/arm-none-eabi/4.8.4/../../../../arm-none-eabi/lib/armv7e-m\libg.a(lib_a-memchr-stub.o)
                              c:/program files (x86)/gnu tools arm embedded/4.8 2014q2/bin/../lib/gcc/arm-none-eabi/4.8.4/../../../../arm-none-eabi/lib/armv7e-m\libg.a(lib_a-svfprintf.o) (memchr)
c:/program files (x86)/gnu tools arm embedded/4.8 2014q2/bin/../lib/gcc/arm-none-eabi/4.8.4/../../../../arm-none-eabi/lib/armv7e-m\libg.a(lib_a-memcpy.o)
                              c:/program files (x86)/gnu tools arm embedded/4.8 2014q2/bin/../lib/gcc/arm-none-eabi/4.8.4/../../../../arm-none-eabi/lib/armv7e-m\libg.a(lib_a-dtoa.o) (memcpy)
c:/program files (x86)/gnu tools arm embedded/4.8 2014q2/bin/../lib/gcc/arm-none-eabi/4.8.4/../../../../arm-none-eabi/lib/armv7e-m\libg.a(lib_a-mlock.o)
                              c:/program files (x86)/gnu tools arm embedded/4.8 2014q2/bin/../lib/gcc/arm-none-eabi/4.8.4/../../../../arm-none-eabi/lib/armv7e-m\libg.a(lib_a-mallocr.o) (__malloc_lock)
c:/program files (x86)/gnu tools arm embedded/4.8 2014q2/bin/../lib/gcc/arm-none-eabi/4.8.4/../../../../arm-none-eabi/lib/armv7e-m\libg.a(lib_a-mprec.o)
                              c:/program files (x86)/gnu tools arm embedded/4.8 2014q2/bin/../lib/gcc/arm-none-eabi/4.8.4/../../../../arm-none-eabi/lib/armv7e-m\libg.a(lib_a-dtoa.o) (_Balloc)
c:/program files (x86)/gnu tools arm embedded/4.8 2014q2/bin/../lib/gcc/arm-none-eabi/4.8.4/../../../../arm-none-eabi/lib/armv7e-m\libg.a(lib_a-s_fpclassify.o)
[...]
Memory Configuration

Name             Origin             Length             Attributes
rom              0x08000000         0x00040000         xr
ram              0x20000000         0x00010000         xrw
*default*        0x00000000         0xffffffff

Linker script and memory map

                0x20010000                _eram = 0x20010000

.text           0x08000000     0x6c64
 *(.isr_vector)
 .isr_vector    0x08000000      0x188 ..\obj\startup_stm32f4xx.o
                0x08000000                g_pfnVectors
 *(.text*)
 .text.SYSCFG_EXTILineConfig
                0x08000188       0x7c ..\obj\stm32f4xx_syscfg.o
                0x08000188                SYSCFG_EXTILineConfig
 .text.USART_Init
                0x08000204      0x174 ..\obj\stm32f4xx_usart.o
                0x08000204                USART_Init
 .text.USART_Cmd
                0x08000378       0x40 ..\obj\stm32f4xx_usart.o
                0x08000378                USART_Cmd
 .text.USART_SendData
                0x080003b8       0x24 ..\obj\stm32f4xx_usart.o
                0x080003b8                USART_SendData
 .text.USART_ReceiveData
                0x080003dc       0x20 ..\obj\stm32f4xx_usart.o
                0x080003dc                USART_ReceiveData
 .text.USART_ITConfig
                0x080003fc       0x90 ..\obj\stm32f4xx_usart.o
                0x080003fc                USART_ITConfig
 .text.USART_GetFlagStatus
                0x0800048c       0x38 ..\obj\stm32f4xx_usart.o
                0x0800048c                USART_GetFlagStatus
 .text.USART_ClearITPendingBit
                0x080004c4       0x38 ..\obj\stm32f4xx_usart.o
                0x080004c4                USART_ClearITPendingBit
 .text.Default_Reset_Handler
                0x080004fc       0x5c ..\obj\startup_stm32f4xx.o
                0x080004fc                Default_Reset_Handler
                0x080004fc                Reset_Handler
 .text.Default_Handler
                0x08000558        0x8 ..\obj\startup_stm32f4xx.o
                0x08000558                RTC_Alarm_IRQHandler
                0x08000558                HASH_RNG_IRQHandler
                0x08000558                EXTI2_IRQHandler
                0x08000558                TIM8_CC_IRQHandler
                0x08000558                DebugMon_Handler
                0x08000558                TIM1_CC_IRQHandler
                0x08000558                DMA2_Stream5_IRQHandler
                0x08000558                HardFault_Handler
                0x08000558                DMA1_Stream5_IRQHandler
                0x08000558                SysTick_Handler
                0x08000558                PVD_IRQHandler
                0x08000558                SDIO_IRQHandler
                0x08000558                TAMP_STAMP_IRQHandler
                0x08000558                PendSV_Handler
                0x08000558                NMI_Handler
                0x08000558                CAN2_RX1_IRQHandler
                0x08000558                EXTI3_IRQHandler
                0x08000558                TIM8_TRG_COM_TIM14_IRQHandler
                0x08000558                TIM1_UP_TIM10_IRQHandler
                0x08000558                TIM8_UP_TIM13_IRQHandler
                0x08000558                I2C3_ER_IRQHandler
                0x08000558                I2C2_EV_IRQHandler
                0x08000558                DMA1_Stream2_IRQHandler
                0x08000558                CAN1_RX0_IRQHandler
                0x08000558                FPU_IRQHandler
                0x08000558                OTG_HS_WKUP_IRQHandler
                0x08000558                UsageFault_Handler
                0x08000558                CAN2_SCE_IRQHandler
                0x08000558                DMA2_Stream2_IRQHandler
                0x08000558                SPI1_IRQHandler
                0x08000558                TIM6_DAC_IRQHandler
                0x08000558                TIM1_BRK_TIM9_IRQHandler
                0x08000558                DCMI_IRQHandler
                0x08000558                CAN2_RX0_IRQHandler
                0x08000558                DMA2_Stream3_IRQHandler
                0x08000558                USART6_IRQHandler
                0x08000558                CRYP_IRQHandler
                0x08000558                CAN1_RX1_IRQHandler
                0x08000558                UART5_IRQHandler
                0x08000558                DMA2_Stream0_IRQHandler
                0x08000558                TIM4_IRQHandler
                0x08000558                I2C1_EV_IRQHandler
                0x08000558                DMA1_Stream6_IRQHandler
                0x08000558                DMA1_Stream1_IRQHandler
                0x08000558                UART4_IRQHandler
                0x08000558                TIM3_IRQHandler
                0x08000558                RCC_IRQHandler
                0x08000558                TIM8_BRK_TIM12_IRQHandler
                0x08000558                EXTI15_10_IRQHandler
                0x08000558                ADC_IRQHandler
                0x08000558                DMA1_Stream7_IRQHandler
                0x08000558                TIM7_IRQHandler
                0x08000558                CAN2_TX_IRQHandler
                0x08000558                TIM5_IRQHandler
                0x08000558                DMA2_Stream7_IRQHandler
                0x08000558                I2C3_EV_IRQHandler
                0x08000558                EXTI9_5_IRQHandler
                0x08000558                RTC_WKUP_IRQHandler
                0x08000558                ETH_WKUP_IRQHandler
                0x08000558                SPI2_IRQHandler
                0x08000558                OTG_HS_EP1_IN_IRQHandler
                0x08000558                MemManage_Handler
                0x08000558                DMA1_Stream0_IRQHandler
                0x08000558                CAN1_TX_IRQHandler
                0x08000558                SVC_Handler
                0x08000558                EXTI4_IRQHandler
                0x08000558                FSMC_IRQHandler
                0x08000558                ETH_IRQHandler
                0x08000558                OTG_HS_EP1_OUT_IRQHandler
                0x08000558                WWDG_IRQHandler
                0x08000558                OTG_FS_WKUP_IRQHandler
                0x08000558                TIM1_TRG_COM_TIM11_IRQHandler
                0x08000558                OTG_HS_IRQHandler
                0x08000558                EXTI1_IRQHandler
                0x08000558                USART2_IRQHandler
                0x08000558                I2C2_ER_IRQHandler
                0x08000558                DMA2_Stream1_IRQHandler
                0x08000558                CAN1_SCE_IRQHandler
                0x08000558                FLASH_IRQHandler
                0x08000558                DMA2_Stream4_IRQHandler
                0x08000558                BusFault_Handler
                0x08000558                USART1_IRQHandler
                0x08000558                OTG_FS_IRQHandler
                0x08000558                SPI3_IRQHandler
                0x08000558                DMA1_Stream4_IRQHandler
                0x08000558                I2C1_ER_IRQHandler
                0x08000558                DMA2_Stream6_IRQHandler
                0x08000558                DMA1_Stream3_IRQHandler
 .text.main     0x08000560      0x2c0 ..\obj\main.o
                0x08000560                main
 .text.pulsoLed
                0x08000820       0x2c ..\obj\main.o
                0x08000820                pulsoLed
 .text.APP_ISR_uartrx
                0x0800084c       0x20 ..\obj\main.o
                0x0800084c                APP_ISR_uartrx
 .text.analizar_dato
                0x0800086c       0xf8 ..\obj\main.o
                0x0800086c                analizar_dato
 .text.RCC_GetClocksFreq
                0x08000964      0x154 ..\obj\stm32f4xx_rcc.o
                0x08000964                RCC_GetClocksFreq
 .text.RCC_AHB1PeriphClockCmd
                0x08000ab8       0x3c ..\obj\stm32f4xx_rcc.o
                0x08000ab8                RCC_AHB1PeriphClockCmd
 .text.RCC_APB1PeriphClockCmd
                0x08000af4       0x3c ..\obj\stm32f4xx_rcc.o
                0x08000af4                RCC_APB1PeriphClockCmd
 .text.RCC_APB2PeriphClockCmd
                0x08000b30       0x3c ..\obj\stm32f4xx_rcc.o
                0x08000b30                RCC_APB2PeriphClockCmd
 .text.ADC_Init
                0x08000b6c       0xa8 ..\obj\stm32f4xx_adc.o
                0x08000b6c                ADC_Init
 .text.ADC_StructInit
                0x08000c14       0x3c ..\obj\stm32f4xx_adc.o
                0x08000c14                ADC_StructInit
 .text.ADC_CommonInit
                0x08000c50       0x50 ..\obj\stm32f4xx_adc.o
                0x08000c50                ADC_CommonInit
 .text.ADC_CommonStructInit
                0x08000ca0       0x2c ..\obj\stm32f4xx_adc.o
                0x08000ca0                ADC_CommonStructInit
 .text.ADC_Cmd  0x08000ccc       0x38 ..\obj\stm32f4xx_adc.o
                0x08000ccc                ADC_Cmd
 .text.ADC_RegularChannelConfig
                0x08000d04      0x188 ..\obj\stm32f4xx_adc.o
                0x08000d04                ADC_RegularChannelConfig
 .text.ADC_SoftwareStartConv
                0x08000e8c       0x20 ..\obj\stm32f4xx_adc.o
                0x08000e8c                ADC_SoftwareStartConv
 .text.ADC_GetConversionValue
                0x08000eac       0x1c ..\obj\stm32f4xx_adc.o
                0x08000eac                ADC_GetConversionValue
 .text.ADC_GetFlagStatus
                0x08000ec8       0x34 ..\obj\stm32f4xx_adc.o
                0x08000ec8                ADC_GetFlagStatus
 .text.GPIO_Init
                0x08000efc      0x11c ..\obj\stm32f4xx_gpio.o
                0x08000efc                GPIO_Init
 .text.GPIO_StructInit
                0x08001018       0x34 ..\obj\stm32f4xx_gpio.o
                0x08001018                GPIO_StructInit
 .text.GPIO_ReadInputDataBit
                0x0800104c       0x34 ..\obj\stm32f4xx_gpio.o
                0x0800104c                GPIO_ReadInputDataBit
 .text.GPIO_SetBits
                0x08001080       0x1c ..\obj\stm32f4xx_gpio.o
                0x08001080                GPIO_SetBits
 .text.GPIO_ResetBits
                0x0800109c       0x1c ..\obj\stm32f4xx_gpio.o
                0x0800109c                GPIO_ResetBits
 .text.GPIO_PinAFConfig
                0x080010b8       0x8c ..\obj\stm32f4xx_gpio.o
                0x080010b8                GPIO_PinAFConfig
 .text._sbrk    0x08001144       0x40 ..\obj\syscalls.o
                0x08001144                _sbrk
 .text.led_on   0x08001184       0x30 ..\obj\bsp.o
                0x08001184                led_on
 .text.led_off  0x080011b4       0x30 ..\obj\bsp.o
                0x080011b4                led_off
 .text.bsp_delay_ms
                0x080011e4       0x2c ..\obj\bsp.o
                0x080011e4                bsp_delay_ms
 .text.uart_tx  0x08001210       0x40 ..\obj\bsp.o
                0x08001210                uart_tx
 .text.uart_rx  0x08001250       0x2c ..\obj\bsp.o
                0x08001250                uart_rx
 .text.sw_getState
                0x0800127c       0x34 ..\obj\bsp.o
                0x0800127c                sw_getState
 .text.EXTI0_IRQHandler
                0x080012b0       0x18 ..\obj\bsp.o
                0x080012b0                EXTI0_IRQHandler
 .text.TIM2_IRQHandler
                0x080012c8       0x3c ..\obj\bsp.o
                0x080012c8                TIM2_IRQHandler
 .text.USART3_IRQHandler
                0x08001304       0x28 ..\obj\bsp.o
                0x08001304                USART3_IRQHandler
 .text.bsp_init
                0x0800132c       0x1c ..\obj\bsp.o
                0x0800132c                bsp_init
 .text.bsp_led_init
                0x08001348       0x40 ..\obj\bsp.o
                0x08001348                bsp_led_init
 .text.bsp_sw_init
                0x08001388       0xa0 ..\obj\bsp.o
                0x08001388                bsp_sw_init
 .text.bsp_timer_config
                0x08001428       0x60 ..\obj\bsp.o
                0x08001428                bsp_timer_config
 .text.bsp_init_adc
                0x08001488       0x90 ..\obj\bsp.o
                0x08001488                bsp_init_adc
 .text.read_adc
                0x08001518       0x38 ..\obj\bsp.o
                0x08001518                read_adc
 .text.bsp_init_usart
                0x08001550       0xc4 ..\obj\bsp.o
                0x08001550                bsp_init_usart
 .text.EXTI_Init
                0x08001614       0xdc ..\obj\stm32f4xx_exti.o
                0x08001614                EXTI_Init
 .text.EXTI_ClearFlag
                0x080016f0       0x1c ..\obj\stm32f4xx_exti.o
                0x080016f0                EXTI_ClearFlag
 .text.EXTI_GetITStatus
                0x0800170c       0x48 ..\obj\stm32f4xx_exti.o
                0x0800170c                EXTI_GetITStatus
 .text.NVIC_Init
                0x08001754       0xbc ..\obj\misc.o
                0x08001754                NVIC_Init
 .text.TIM_TimeBaseInit
                0x08001810       0xd4 ..\obj\stm32f4xx_tim.o
                0x08001810                TIM_TimeBaseInit
 .text.TIM_Cmd  0x080018e4       0x40 ..\obj\stm32f4xx_tim.o
                0x080018e4                TIM_Cmd
 .text.TIM_ITConfig
                0x08001924       0x48 ..\obj\stm32f4xx_tim.o
                0x08001924                TIM_ITConfig
 .text.TIM_GetITStatus
                0x0800196c       0x54 ..\obj\stm32f4xx_tim.o
                0x0800196c                TIM_GetITStatus
 .text.TIM_ClearITPendingBit
                0x080019c0       0x20 ..\obj\stm32f4xx_tim.o
                0x080019c0                TIM_ClearITPendingBit
 .text          0x080019e0      0x370 c:/program files (x86)/gnu tools arm embedded/4.8 2014q2/bin/../lib/gcc/arm-none-eabi/4.8.4/armv7e-m\libgcc.a(_arm_addsubdf3.o)
                0x080019e0                __aeabi_drsub
                0x080019e8                __aeabi_dsub
                0x080019e8                __subdf3
                0x080019ec                __aeabi_dadd
                0x080019ec                __adddf3
                0x08001c64                __floatunsidf
                0x08001c64                __aeabi_ui2d
                0x08001c84                __floatsidf
                0x08001c84                __aeabi_i2d
                0x08001ca8                __aeabi_f2d
                0x08001ca8                __extendsfdf2
                0x08001ce4                __floatundidf
                0x08001ce4                __aeabi_ul2d
                0x08001cf4                __floatdidf
                0x08001cf4                __aeabi_l2d
 .text          0x08001d50      0x424 c:/program files (x86)/gnu tools arm embedded/4.8 2014q2/bin/../lib/gcc/arm-none-eabi/4.8.4/armv7e-m\libgcc.a(_arm_muldivdf3.o)
                0x08001d50                __aeabi_dmul
                0x08001d50                __muldf3
                0x08001fa4                __divdf3
                0x08001fa4                __aeabi_ddiv
 .text          0x08002174       0xa0 c:/program files (x86)/gnu tools arm embedded/4.8 2014q2/bin/../lib/gcc/arm-none-eabi/4.8.4/armv7e-m\libgcc.a(_arm_truncdfsf2.o)
                0x08002174                __truncdfsf2
                0x08002174                __aeabi_d2f
 .text          0x08002214      0x21c c:/program files (x86)/gnu tools arm embedded/4.8 2014q2/bin/../lib/gcc/arm-none-eabi/4.8.4/armv7e-m\libgcc.a(_arm_addsubsf3.o)
                0x08002214                __aeabi_frsub
                0x0800221c                __subsf3
                0x0800221c                __aeabi_fsub
                0x08002220                __aeabi_fadd
                0x08002220                __addsf3
                0x08002380                __aeabi_ui2f
                0x08002380                __floatunsisf
                0x08002388                __aeabi_i2f
                0x08002388                __floatsisf
                0x080023a4                __aeabi_ul2f
                0x080023a4                __floatundisf
                0x080023b4                __aeabi_l2f
                0x080023b4                __floatdisf
 .text          0x08002430      0x2a0 c:/program files (x86)/gnu tools arm embedded/4.8 2014q2/bin/../lib/gcc/arm-none-eabi/4.8.4/armv7e-m\libgcc.a(_arm_muldivsf3.o)
                0x08002430                __mulsf3
                0x08002430                __aeabi_fmul
                0x08002598                __aeabi_fdiv
                0x08002598                __divsf3
 .text          0x080026d0       0x4c c:/program files (x86)/gnu tools arm embedded/4.8 2014q2/bin/../lib/gcc/arm-none-eabi/4.8.4/armv7e-m\libgcc.a(_arm_fixsfsi.o)
                0x080026d0                __aeabi_f2iz
                0x080026d0                __fixsfsi
 .text.sprintf  0x0800271c       0x4c c:/program files (x86)/gnu tools arm embedded/4.8 2014q2/bin/../lib/gcc/arm-none-eabi/4.8.4/../../../../arm-none-eabi/lib/armv7e-m\libg.a(lib_a-sprintf.o)
                0x0800271c                sprintf
 .text._svfprintf_r
                0x08002768     0x14f8 c:/program files (x86)/gnu tools arm embedded/4.8 2014q2/bin/../lib/gcc/arm-none-eabi/4.8.4/../../../../arm-none-eabi/lib/armv7e-m\libg.a(lib_a-svfprintf.o)
                0x08002768                _svfprintf_r
 .text.quorem   0x08003c60      0x130 c:/program files (x86)/gnu tools arm embedded/4.8 2014q2/bin/../lib/gcc/arm-none-eabi/4.8.4/../../../../arm-none-eabi/lib/armv7e-m\libg.a(lib_a-dtoa.o)
 .text._dtoa_r  0x08003d90      0xe38 c:/program files (x86)/gnu tools arm embedded/4.8 2014q2/bin/../lib/gcc/arm-none-eabi/4.8.4/../../../../arm-none-eabi/lib/armv7e-m\libg.a(lib_a-dtoa.o)
                0x08003d90                _dtoa_r
 .text._localeconv_r
                0x08004bc8        0x8 c:/program files (x86)/gnu tools arm embedded/4.8 2014q2/bin/../lib/gcc/arm-none-eabi/4.8.4/../../../../arm-none-eabi/lib/armv7e-m\libg.a(lib_a-locale.o)
                0x08004bc8                _localeconv_r
 .text._malloc_r
                0x08004bd0      0x538 c:/program files (x86)/gnu tools arm embedded/4.8 2014q2/bin/../lib/gcc/arm-none-eabi/4.8.4/../../../../arm-none-eabi/lib/armv7e-m\libg.a(lib_a-mallocr.o)
                0x08004bd0                _malloc_r
 .text.memchr   0x08005108       0x90 c:/program files (x86)/gnu tools arm embedded/4.8 2014q2/bin/../lib/gcc/arm-none-eabi/4.8.4/../../../../arm-none-eabi/lib/armv7e-m\libg.a(lib_a-memchr-stub.o)
                0x08005108                memchr
 .text          0x08005198      0x134 c:/program files (x86)/gnu tools arm embedded/4.8 2014q2/bin/../lib/gcc/arm-none-eabi/4.8.4/../../../../arm-none-eabi/lib/armv7e-m\libg.a(lib_a-memcpy.o)
                0x08005198                memcpy
 .text.__malloc_lock
                0x080052cc        0x4 c:/program files (x86)/gnu tools arm embedded/4.8 2014q2/bin/../lib/gcc/arm-none-eabi/4.8.4/../../../../arm-none-eabi/lib/armv7e-m\libg.a(lib_a-mlock.o)
                0x080052cc                __malloc_lock
 .text.__malloc_unlock
                0x080052d0        0x4 c:/program files (x86)/gnu tools arm embedded/4.8 2014q2/bin/../lib/gcc/arm-none-eabi/4.8.4/../../../../arm-none-eabi/lib/armv7e-m\libg.a(lib_a-mlock.o)
                0x080052d0                __malloc_unlock
 .text._Balloc  0x080052d4       0x4c c:/program files (x86)/gnu tools arm embedded/4.8 2014q2/bin/../lib/gcc/arm-none-eabi/4.8.4/../../../../arm-none-eabi/lib/armv7e-m\libg.a(lib_a-mprec.o)
                0x080052d4                _Balloc
 .text._Bfree   0x08005320       0x14 c:/program files (x86)/gnu tools arm embedded/4.8 2014q2/bin/../lib/gcc/arm-none-eabi/4.8.4/../../../../arm-none-eabi/lib/armv7e-m\libg.a(lib_a-mprec.o)
                0x08005320                _Bfree
 .text.__multadd
                0x08005334       0x98 c:/program files (x86)/gnu tools arm embedded/4.8 2014q2/bin/../lib/gcc/arm-none-eabi/4.8.4/../../../../arm-none-eabi/lib/armv7e-m\libg.a(lib_a-mprec.o)
                0x08005334                __multadd
 .text.__hi0bits
                0x080053cc       0x40 c:/program files (x86)/gnu tools arm embedded/4.8 2014q2/bin/../lib/gcc/arm-none-eabi/4.8.4/../../../../arm-none-eabi/lib/armv7e-m\libg.a(lib_a-mprec.o)
                0x080053cc                __hi0bits
 .text.__lo0bits
                0x0800540c       0x5c c:/program files (x86)/gnu tools arm embedded/4.8 2014q2/bin/../lib/gcc/arm-none-eabi/4.8.4/../../../../arm-none-eabi/lib/armv7e-m\libg.a(lib_a-mprec.o)
                0x0800540c                __lo0bits
 .text.__i2b    0x08005468       0x14 c:/program files (x86)/gnu tools arm embedded/4.8 2014q2/bin/../lib/gcc/arm-none-eabi/4.8.4/../../../../arm-none-eabi/lib/armv7e-m\libg.a(lib_a-mprec.o)
                0x08005468                __i2b
 .text.__multiply
                0x0800547c      0x13c c:/program files (x86)/gnu tools arm embedded/4.8 2014q2/bin/../lib/gcc/arm-none-eabi/4.8.4/../../../../arm-none-eabi/lib/armv7e-m\libg.a(lib_a-mprec.o)
                0x0800547c                __multiply
 .text.__pow5mult
                0x080055b8       0x9c c:/program files (x86)/gnu tools arm embedded/4.8 2014q2/bin/../lib/gcc/arm-none-eabi/4.8.4/../../../../arm-none-eabi/lib/armv7e-m\libg.a(lib_a-mprec.o)
                0x080055b8                __pow5mult
 .text.__lshift
                0x08005654       0xbc c:/program files (x86)/gnu tools arm embedded/4.8 2014q2/bin/../lib/gcc/arm-none-eabi/4.8.4/../../../../arm-none-eabi/lib/armv7e-m\libg.a(lib_a-mprec.o)
                0x08005654                __lshift
 .text.__mcmp   0x08005710       0x48 c:/program files (x86)/gnu tools arm embedded/4.8 2014q2/bin/../lib/gcc/arm-none-eabi/4.8.4/../../../../arm-none-eabi/lib/armv7e-m\libg.a(lib_a-mprec.o)
                0x08005710                __mcmp
 .text.__mdiff  0x08005758       0xd4 c:/program files (x86)/gnu tools arm embedded/4.8 2014q2/bin/../lib/gcc/arm-none-eabi/4.8.4/../../../../arm-none-eabi/lib/armv7e-m\libg.a(lib_a-mprec.o)
                0x08005758                __mdiff
 .text.__d2b    0x0800582c       0xbc c:/program files (x86)/gnu tools arm embedded/4.8 2014q2/bin/../lib/gcc/arm-none-eabi/4.8.4/../../../../arm-none-eabi/lib/armv7e-m\libg.a(lib_a-mprec.o)
                0x0800582c                __d2b
 .text.__fpclassifyd
                0x080058e8       0x50 c:/program files (x86)/gnu tools arm embedded/4.8 2014q2/bin/../lib/gcc/arm-none-eabi/4.8.4/../../../../arm-none-eabi/lib/armv7e-m\libg.a(lib_a-s_fpclassify.o)
                0x080058e8                __fpclassifyd
 .text._sbrk_r  0x08005938       0x24 c:/program files (x86)/gnu tools arm embedded/4.8 2014q2/bin/../lib/gcc/arm-none-eabi/4.8.4/../../../../arm-none-eabi/lib/armv7e-m\libg.a(lib_a-sbrkr.o)
                0x08005938                _sbrk_r
 .text.strlen   0x0800595c       0x60 c:/program files (x86)/gnu tools arm embedded/4.8 2014q2/bin/../lib/gcc/arm-none-eabi/4.8.4/../../../../arm-none-eabi/lib/armv7e-m\libg.a(lib_a-strlen.o)
                0x0800595c                strlen
 .text.__ssprint_r
                0x080059bc      0x100 c:/program files (x86)/gnu tools arm embedded/4.8 2014q2/bin/../lib/gcc/arm-none-eabi/4.8.4/../../../../arm-none-eabi/lib/armv7e-m\libg.a(lib_a-svfiprintf.o)
                0x080059bc                __ssprint_r
 .text._calloc_r
                0x08005abc       0x60 c:/program files (x86)/gnu tools arm embedded/4.8 2014q2/bin/../lib/gcc/arm-none-eabi/4.8.4/../../../../arm-none-eabi/lib/armv7e-m\libg.a(lib_a-callocr.o)
                0x08005abc                _calloc_r
 .text._malloc_trim_r
                0x08005b1c       0x9c c:/program files (x86)/gnu tools arm embedded/4.8 2014q2/bin/../lib/gcc/arm-none-eabi/4.8.4/../../../../arm-none-eabi/lib/armv7e-m\libg.a(lib_a-freer.o)
                0x08005b1c                _malloc_trim_r
 .text._free_r  0x08005bb8      0x19c c:/program files (x86)/gnu tools arm embedded/4.8 2014q2/bin/../lib/gcc/arm-none-eabi/4.8.4/../../../../arm-none-eabi/lib/armv7e-m\libg.a(lib_a-freer.o)
                0x08005bb8                _free_r
 .text.memmove  0x08005d54       0xc0 c:/program files (x86)/gnu tools arm embedded/4.8 2014q2/bin/../lib/gcc/arm-none-eabi/4.8.4/../../../../arm-none-eabi/lib/armv7e-m\libg.a(lib_a-memmove.o)
                0x08005d54                memmove
 .text.memset   0x08005e14       0x94 c:/program files (x86)/gnu tools arm embedded/4.8 2014q2/bin/../lib/gcc/arm-none-eabi/4.8.4/../../../../arm-none-eabi/lib/armv7e-m\libg.a(lib_a-memset.o)
                0x08005e14                memset
 .text._realloc_r
                0x08005ea8      0x3cc c:/program files (x86)/gnu tools arm embedded/4.8 2014q2/bin/../lib/gcc/arm-none-eabi/4.8.4/../../../../arm-none-eabi/lib/armv7e-m\libg.a(lib_a-reallocr.o)
                0x08005ea8                _realloc_r
 .text          0x08006274      0x110 c:/program files (x86)/gnu tools arm embedded/4.8 2014q2/bin/../lib/gcc/arm-none-eabi/4.8.4/armv7e-m\libgcc.a(_arm_cmpdf2.o)
                0x08006274                __gtdf2
                0x08006274                __gedf2
                0x0800627c                __ltdf2
                0x0800627c                __ledf2
                0x08006284                __nedf2
                0x08006284                __eqdf2
                0x08006284                __cmpdf2
                0x08006300                __aeabi_cdrcmple
                0x08006310                __aeabi_cdcmpeq
                0x08006310                __aeabi_cdcmple
                0x08006320                __aeabi_dcmpeq
                0x08006334                __aeabi_dcmplt
                0x08006348                __aeabi_dcmple
                0x0800635c                __aeabi_dcmpge
                0x08006370                __aeabi_dcmpgt
 .text          0x08006384       0x50 c:/program files (x86)/gnu tools arm embedded/4.8 2014q2/bin/../lib/gcc/arm-none-eabi/4.8.4/armv7e-m\libgcc.a(_arm_fixdfsi.o)
                0x08006384                __aeabi_d2iz
                0x08006384                __fixdfsi
 .text          0x080063d4       0x2c c:/program files (x86)/gnu tools arm embedded/4.8 2014q2/bin/../lib/gcc/arm-none-eabi/4.8.4/armv7e-m\libgcc.a(_aeabi_uldivmod.o)
                0x080063d4                __aeabi_uldivmod
 .text          0x08006400       0x60 c:/program files (x86)/gnu tools arm embedded/4.8 2014q2/bin/../lib/gcc/arm-none-eabi/4.8.4/armv7e-m\libgcc.a(bpabi.o)
                0x08006400                __gnu_ldivmod_helper
                0x08006430                __gnu_uldivmod_helper
 .text          0x08006460        0x4 c:/program files (x86)/gnu tools arm embedded/4.8 2014q2/bin/../lib/gcc/arm-none-eabi/4.8.4/armv7e-m\libgcc.a(_dvmd_tls.o)
                0x08006460                __aeabi_idiv0
                0x08006460                __aeabi_ldiv0
 .text          0x08006464      0x298 c:/program files (x86)/gnu tools arm embedded/4.8 2014q2/bin/../lib/gcc/arm-none-eabi/4.8.4/armv7e-m\libgcc.a(_divdi3.o)
                0x08006464                __divdi3
 .text          0x080066fc      0x284 c:/program files (x86)/gnu tools arm embedded/4.8 2014q2/bin/../lib/gcc/arm-none-eabi/4.8.4/armv7e-m\libgcc.a(_udivdi3.o)
                0x080066fc                __udivdi3
 *(.init)
 *(.fini)
 *crtbegin.o(.ctors)
 *crtbegin?.o(.ctors)
 *(EXCLUDE_FILE(*crtend.o *crtend?.o) .ctors)
 *(SORT(.ctors.*))
 *(.ctors)
 *crtbegin.o(.dtors)
 *crtbegin?.o(.dtors)
 *(EXCLUDE_FILE(*crtend.o *crtend?.o) .dtors)
 *(SORT(.dtors.*))
 *(.dtors)
 *(.rodata*)
 .rodata        0x08006980      0x144 ..\obj\main.o
 .rodata        0x08006ac4       0x20 ..\obj\bsp.o
                0x08006ac4                leds
                0x08006adc                sw
 .rodata.zeroes.6763
                0x08006ae4       0x10 c:/program files (x86)/gnu tools arm embedded/4.8 2014q2/bin/../lib/gcc/arm-none-eabi/4.8.4/../../../../arm-none-eabi/lib/armv7e-m\libg.a(lib_a-svfprintf.o)
 .rodata.str1.4
                0x08006af4       0x42 c:/program files (x86)/gnu tools arm embedded/4.8 2014q2/bin/../lib/gcc/arm-none-eabi/4.8.4/../../../../arm-none-eabi/lib/armv7e-m\libg.a(lib_a-svfprintf.o)
                                 0x44 (size before relaxing)
 *fill*         0x08006b36        0x2 
 .rodata.blanks.6762
                0x08006b38       0x10 c:/program files (x86)/gnu tools arm embedded/4.8 2014q2/bin/../lib/gcc/arm-none-eabi/4.8.4/../../../../arm-none-eabi/lib/armv7e-m\libg.a(lib_a-svfprintf.o)
 .rodata.str1.4
                0x08006b48       0x10 c:/program files (x86)/gnu tools arm embedded/4.8 2014q2/bin/../lib/gcc/arm-none-eabi/4.8.4/../../../../arm-none-eabi/lib/armv7e-m\libg.a(lib_a-dtoa.o)
                                 0x14 (size before relaxing)
 .rodata.str1.4
                0x08006b58        0x2 c:/program files (x86)/gnu tools arm embedded/4.8 2014q2/bin/../lib/gcc/arm-none-eabi/4.8.4/../../../../arm-none-eabi/lib/armv7e-m\libg.a(lib_a-impure.o)
                                  0x4 (size before relaxing)
 *fill*         0x08006b5a        0x2 
 .rodata.str1.4
                0x08006b5c        0xc c:/program files (x86)/gnu tools arm embedded/4.8 2014q2/bin/../lib/gcc/arm-none-eabi/4.8.4/../../../../arm-none-eabi/lib/armv7e-m\libg.a(lib_a-locale.o)
                                 0x14 (size before relaxing)
 .rodata.__mprec_tens
                0x08006b68       0xc8 c:/program files (x86)/gnu tools arm embedded/4.8 2014q2/bin/../lib/gcc/arm-none-eabi/4.8.4/../../../../arm-none-eabi/lib/armv7e-m\libg.a(lib_a-mprec.o)
                0x08006b68                __mprec_tens
 .rodata.__mprec_bigtens
                0x08006c30       0x28 c:/program files (x86)/gnu tools arm embedded/4.8 2014q2/bin/../lib/gcc/arm-none-eabi/4.8.4/../../../../arm-none-eabi/lib/armv7e-m\libg.a(lib_a-mprec.o)
                0x08006c30                __mprec_bigtens
 .rodata.p05.5269
                0x08006c58        0xc c:/program files (x86)/gnu tools arm embedded/4.8 2014q2/bin/../lib/gcc/arm-none-eabi/4.8.4/../../../../arm-none-eabi/lib/armv7e-m\libg.a(lib_a-mprec.o)
 *(.eh_fram e*)

.glue_7         0x08006c64        0x0
 .glue_7        0x00000000        0x0 linker stubs

.glue_7t        0x08006c64        0x0
 .glue_7t       0x00000000        0x0 linker stubs

.vfp11_veneer   0x08006c64        0x0
 .vfp11_veneer  0x00000000        0x0 linker stubs

.v4_bx          0x08006c64        0x0
 .v4_bx         0x00000000        0x0 linker stubs

.iplt           0x08006c64        0x0
 .iplt          0x00000000        0x0 ..\obj\stm32f4xx_syscfg.o

.ARM.extab
 *(.ARM.extab* .gnu.linkonce.armextab.*)
                0x08006c64                __exidx_start = .

.ARM.exidx      0x08006c64        0x8
 *(.ARM.exidx* .gnu.linkonce.armexidx.*)
 .ARM.exidx     0x08006c64        0x8 c:/program files (x86)/gnu tools arm embedded/4.8 2014q2/bin/../lib/gcc/arm-none-eabi/4.8.4/armv7e-m\libgcc.a(_divdi3.o)
 .ARM.exidx     0x08006c6c        0x0 c:/program files (x86)/gnu tools arm embedded/4.8 2014q2/bin/../lib/gcc/arm-none-eabi/4.8.4/armv7e-m\libgcc.a(_udivdi3.o)
                                  0x8 (size before relaxing)
                0x08006c6c                __exidx_end = .
                0x08006c6c                __etext = .
                0x08006c6c                _sidata = __etext

.rel.dyn        0x08006c6c        0x0
 .rel.iplt      0x00000000        0x0 ..\obj\stm32f4xx_syscfg.o

.data           0x20000000      0x8c4 load address 0x08006c6c
                0x20000000                __data_start__ = .
                0x20000000                _sdata = __data_start__
 *(vtable)
 *(.data*)
 .data          0x20000000       0x10 ..\obj\stm32f4xx_rcc.o
 .data          0x20000010       0x40 ..\obj\bsp.o
                0x20000010                leds_port
                0x20000040                sw_port
 .data.impure_data
                0x20000050      0x428 c:/program files (x86)/gnu tools arm embedded/4.8 2014q2/bin/../lib/gcc/arm-none-eabi/4.8.4/../../../../arm-none-eabi/lib/armv7e-m\libg.a(lib_a-impure.o)
 .data._impure_ptr
                0x20000478        0x4 c:/program files (x86)/gnu tools arm embedded/4.8 2014q2/bin/../lib/gcc/arm-none-eabi/4.8.4/../../../../arm-none-eabi/lib/armv7e-m\libg.a(lib_a-impure.o)
                0x20000478                _impure_ptr
 .data.lconv    0x2000047c       0x38 c:/program files (x86)/gnu tools arm embedded/4.8 2014q2/bin/../lib/gcc/arm-none-eabi/4.8.4/../../../../arm-none-eabi/lib/armv7e-m\libg.a(lib_a-locale.o)
 .data.__malloc_av_
                0x200004b4      0x408 c:/program files (x86)/gnu tools arm embedded/4.8 2014q2/bin/../lib/gcc/arm-none-eabi/4.8.4/../../../../arm-none-eabi/lib/armv7e-m\libg.a(lib_a-mallocr.o)
                0x200004b4                __malloc_av_
 .data.__malloc_trim_threshold
                0x200008bc        0x4 c:/program files (x86)/gnu tools arm embedded/4.8 2014q2/bin/../lib/gcc/arm-none-eabi/4.8.4/../../../../arm-none-eabi/lib/armv7e-m\libg.a(lib_a-mallocr.o)
                0x200008bc                __malloc_trim_threshold
 .data.__malloc_sbrk_base
                0x200008c0        0x4 c:/program files (x86)/gnu tools arm embedded/4.8 2014q2/bin/../lib/gcc/arm-none-eabi/4.8.4/../../../../arm-none-eabi/lib/armv7e-m\libg.a(lib_a-mallocr.o)
                0x200008c0                __malloc_sbrk_base
                0x200008c4                . = ALIGN (0x4)
                0x200008c4                PROVIDE (__preinit_array_start, .)
 *(.preinit_array)
                0x200008c4                PROVIDE (__preinit_array_end, .)
                0x200008c4                . = ALIGN (0x4)
                0x200008c4                PROVIDE (__init_array_start, .)
 *(SORT(.init_array.*))
 *(.init_array)
                0x200008c4                PROVIDE (__init_array_end, .)
                0x200008c4                . = ALIGN (0x4)
                0x200008c4                PROVIDE (__fini_array_start, .)
 *(SORT(.fini_array.*))
 *(.fini_array)
                0x200008c4                PROVIDE (__fini_array_end, .)
 *(.jcr*)
                0x200008c4                . = ALIGN (0x4)
                0x200008c4                __data_end__ = .
                0x200008c4                _edata = __data_end__

.igot.plt       0x200008c4        0x0 load address 0x08007530
 .igot.plt      0x00000000        0x0 ..\obj\stm32f4xx_syscfg.o

.bss            0x200008c4       0x48 load address 0x08007530
                0x200008c4                . = ALIGN (0x4)
                0x200008c4                __bss_start__ = .
                0x200008c4                _sbss = __bss_start__
 *(.bss*)
 .bss           0x200008c4        0x1 ..\obj\main.o
 *fill*         0x200008c5        0x3 
 .bss           0x200008c8        0x4 ..\obj\syscalls.o
 .bss           0x200008cc        0x2 ..\obj\bsp.o
                0x200008cc                bsp_count_ms
 *fill*         0x200008ce        0x2 
 .bss.__malloc_max_total_mem
                0x200008d0        0x4 c:/program files (x86)/gnu tools arm embedded/4.8 2014q2/bin/../lib/gcc/arm-none-eabi/4.8.4/../../../../arm-none-eabi/lib/armv7e-m\libg.a(lib_a-mallocr.o)
                0x200008d0                __malloc_max_total_mem
 .bss.__malloc_max_sbrked_mem
                0x200008d4        0x4 c:/program files (x86)/gnu tools arm embedded/4.8 2014q2/bin/../lib/gcc/arm-none-eabi/4.8.4/../../../../arm-none-eabi/lib/armv7e-m\libg.a(lib_a-mallocr.o)
                0x200008d4                __malloc_max_sbrked_mem
 .bss.__malloc_top_pad
                0x200008d8        0x4 c:/program files (x86)/gnu tools arm embedded/4.8 2014q2/bin/../lib/gcc/arm-none-eabi/4.8.4/../../../../arm-none-eabi/lib/armv7e-m\libg.a(lib_a-mallocr.o)
                0x200008d8                __malloc_top_pad
 .bss.__malloc_current_mallinfo
                0x200008dc       0x28 c:/program files (x86)/gnu tools arm embedded/4.8 2014q2/bin/../lib/gcc/arm-none-eabi/4.8.4/../../../../arm-none-eabi/lib/armv7e-m\libg.a(lib_a-mallocr.o)
                0x200008dc                __malloc_current_mallinfo
 *(COMMON)
 COMMON         0x20000904        0x1 ..\obj\main.o
                0x20000904                rx_buffer
 *fill*         0x20000905        0x3 
 COMMON         0x20000908        0x4 c:/program files (x86)/gnu tools arm embedded/4.8 2014q2/bin/../lib/gcc/arm-none-eabi/4.8.4/../../../../arm-none-eabi/lib/armv7e-m\libg.a(lib_a-reent.o)
                0x20000908                errno
                0x2000090c                . = ALIGN (0x4)
                0x2000090c                __bss_end__ = .
                0x2000090c                _ebss = __bss_end__

.heap           0x2000090c        0x0
                0x2000090c                __end__ = .
                0x2000090c                _end = __end__
                0x2000090c                end = __end__
 *(.heap*)
                0x2000090c                __HeapLimit = .

.co_stack       0x2000090c      0x804 load address 0x08007578
                0x20000910                . = ALIGN (0x8)
 *fill*         0x2000090c        0x4 
 *(.co_stack .co_stack.*)
 .co_stack      0x20000910      0x800 ..\obj\startup_stm32f4xx.o
                0x20000910                pulStack
                0x20010000                __StackTop = (ORIGIN (ram) + 0x10000)
                0x2000f7fc                __StackLimit = (__StackTop - SIZEOF (.co_stack))
                0x20010000                PROVIDE (__stack, __StackTop)
                0x00000001                ASSERT ((__StackLimit >= __HeapLimit), region ram  overflowed with stack)
LOAD ..\obj\stm32f4xx_syscfg.o
LOAD ..\obj\stm32f4xx_usart.o
LOAD ..\obj\startup_stm32f4xx.o
LOAD ..\obj\main.o
LOAD ..\obj\stm32f4xx_rcc.o
LOAD ..\obj\stm32f4xx_adc.o
LOAD ..\obj\stm32f4xx_gpio.o
LOAD ..\obj\system_stm32f4xx.o
LOAD ..\obj\syscalls.o
LOAD ..\obj\stm32f4xx_spi.o
LOAD ..\obj\bsp.o
LOAD ..\obj\stm32f4xx_exti.o
LOAD ..\obj\misc.o
LOAD ..\obj\stm32f4xx_tim.o
START GROUP
LOAD c:/program files (x86)/gnu tools arm embedded/4.8 2014q2/bin/../lib/gcc/arm-none-eabi/4.8.4/armv7e-m\libgcc.a
LOAD c:/program files (x86)/gnu tools arm embedded/4.8 2014q2/bin/../lib/gcc/arm-none-eabi/4.8.4/../../../../arm-none-eabi/lib/armv7e-m\libg.a
LOAD c:/program files (x86)/gnu tools arm embedded/4.8 2014q2/bin/../lib/gcc/arm-none-eabi/4.8.4/../../../../arm-none-eabi/lib/armv7e-m\libc.a
END GROUP
OUTPUT(LAB3.elf elf32-littlearm)

.debug_info     0x00000000     0x64ec
 .debug_info    0x00000000      0x26c ..\obj\stm32f4xx_syscfg.o
 .debug_info    0x0000026c      0x9c2 ..\obj\stm32f4xx_usart.o
 .debug_info    0x00000c2e       0xed ..\obj\startup_stm32f4xx.o
 .debug_info    0x00000d1b      0x246 ..\obj\main.o
 .debug_info    0x00000f61      0xc4d ..\obj\stm32f4xx_rcc.o
 .debug_info    0x00001bae      0xc38 ..\obj\stm32f4xx_adc.o
 .debug_info    0x000027e6      0x602 ..\obj\stm32f4xx_gpio.o
 .debug_info    0x00002de8      0x3ee ..\obj\syscalls.o
 .debug_info    0x000031d6      0xe31 ..\obj\bsp.o
 .debug_info    0x00004007      0x347 ..\obj\stm32f4xx_exti.o
 .debug_info    0x0000434e      0x53d ..\obj\misc.o
 .debug_info    0x0000488b     0x1c61 ..\obj\stm32f4xx_tim.o

.debug_abbrev   0x00000000     0x1100
 .debug_abbrev  0x00000000      0x131 ..\obj\stm32f4xx_syscfg.o
 .debug_abbrev  0x00000131      0x155 ..\obj\stm32f4xx_usart.o
 .debug_abbrev  0x00000286       0xb0 ..\obj\startup_stm32f4xx.o
 .debug_abbrev  0x00000336      0x11f ..\obj\main.o
 .debug_abbrev  0x00000455      0x1e3 ..\obj\stm32f4xx_rcc.o
 .debug_abbrev  0x00000638      0x196 ..\obj\stm32f4xx_adc.o
 .debug_abbrev  0x000007ce      0x1a3 ..\obj\stm32f4xx_gpio.o
 .debug_abbrev  0x00000971       0xe2 ..\obj\syscalls.o
 .debug_abbrev  0x00000a53      0x23c ..\obj\bsp.o
 .debug_abbrev  0x00000c8f      0x1a5 ..\obj\stm32f4xx_exti.o
 .debug_abbrev  0x00000e34      0x145 ..\obj\misc.o
 .debug_abbrev  0x00000f79      0x187 ..\obj\stm32f4xx_tim.o

.debug_aranges  0x00000000      0x9a0
 .debug_aranges
                0x00000000       0x48 ..\obj\stm32f4xx_syscfg.o
 .debug_aranges
                0x00000048      0x100 ..\obj\stm32f4xx_usart.o
 .debug_aranges
                0x00000148       0x28 ..\obj\startup_stm32f4xx.o
 .debug_aranges
                0x00000170       0x48 ..\obj\main.o
 .debug_aranges
                0x000001b8      0x178 ..\obj\stm32f4xx_rcc.o
 .debug_aranges
                0x00000330      0x148 ..\obj\stm32f4xx_adc.o
 .debug_aranges
                0x00000478       0x88 ..\obj\stm32f4xx_gpio.o
 .debug_aranges
                0x00000500       0x60 ..\obj\syscalls.o
 .debug_aranges
                0x00000560       0xb0 ..\obj\bsp.o
 .debug_aranges
                0x00000610       0x58 ..\obj\stm32f4xx_exti.o
 .debug_aranges
                0x00000668       0x40 ..\obj\misc.o
 .debug_aranges
                0x000006a8      0x2f8 ..\obj\stm32f4xx_tim.o

.debug_ranges   0x00000000      0x8e0
 .debug_ranges  0x00000000       0x38 ..\obj\stm32f4xx_syscfg.o
 .debug_ranges  0x00000038       0xf0 ..\obj\stm32f4xx_usart.o
 .debug_ranges  0x00000128       0x18 ..\obj\startup_stm32f4xx.o
 .debug_ranges  0x00000140       0x38 ..\obj\main.o
 .debug_ranges  0x00000178      0x168 ..\obj\stm32f4xx_rcc.o
 .debug_ranges  0x000002e0      0x138 ..\obj\stm32f4xx_adc.o
 .debug_ranges  0x00000418       0x78 ..\obj\stm32f4xx_gpio.o
 .debug_ranges  0x00000490       0x50 ..\obj\syscalls.o
 .debug_ranges  0x000004e0       0xa0 ..\obj\bsp.o
 .debug_ranges  0x00000580       0x48 ..\obj\stm32f4xx_exti.o
 .debug_ranges  0x000005c8       0x30 ..\obj\misc.o
 .debug_ranges  0x000005f8      0x2e8 ..\obj\stm32f4xx_tim.o

.debug_line     0x00000000     0x3188
 .debug_line    0x00000000      0x286 ..\obj\stm32f4xx_syscfg.o
 .debug_line    0x00000286      0x531 ..\obj\stm32f4xx_usart.o
 .debug_line    0x000007b7       0xc1 ..\obj\startup_stm32f4xx.o
 .debug_line    0x00000878      0x213 ..\obj\main.o
 .debug_line    0x00000a8b      0x629 ..\obj\stm32f4xx_rcc.o
 .debug_line    0x000010b4      0x5e1 ..\obj\stm32f4xx_adc.o
 .debug_line    0x00001695      0x3ce ..\obj\stm32f4xx_gpio.o
 .debug_line    0x00001a63      0x198 ..\obj\syscalls.o
 .debug_line    0x00001bfb      0x491 ..\obj\bsp.o
 .debug_line    0x0000208c      0x334 ..\obj\stm32f4xx_exti.o
 .debug_line    0x000023c0      0x2d4 ..\obj\misc.o
 .debug_line    0x00002694      0xaf4 ..\obj\stm32f4xx_tim.o

.debug_str      0x00000000     0x31d7
 .debug_str     0x00000000      0x2b6 ..\obj\stm32f4xx_syscfg.o
                                0x314 (size before relaxing)
 .debug_str     0x000002b6      0x501 ..\obj\stm32f4xx_usart.o
                                0x6af (size before relaxing)
 .debug_str     0x000007b7       0xd0 ..\obj\startup_stm32f4xx.o
                                0x167 (size before relaxing)
 .debug_str     0x00000887      0x194 ..\obj\main.o
                                0x2e3 (size before relaxing)
 .debug_str     0x00000a1b      0x603 ..\obj\stm32f4xx_rcc.o
                                0x870 (size before relaxing)
 .debug_str     0x0000101e      0x65a ..\obj\stm32f4xx_adc.o
                                0x824 (size before relaxing)
 .debug_str     0x00001678      0x342 ..\obj\stm32f4xx_gpio.o
                                0x4c3 (size before relaxing)
 .debug_str     0x000019ba      0x183 ..\obj\syscalls.o
                                0x30f (size before relaxing)
 .debug_str     0x00001b3d      0x906 ..\obj\bsp.o
                                0xe5a (size before relaxing)
 .debug_str     0x00002443      0x120 ..\obj\stm32f4xx_exti.o
                                0x379 (size before relaxing)
 .debug_str     0x00002563      0x1ce ..\obj\misc.o
                                0x3ee (size before relaxing)
 .debug_str     0x00002731      0xaa6 ..\obj\stm32f4xx_tim.o
                                0xdf0 (size before relaxing)

.comment        0x00000000       0x70
 .comment       0x00000000       0x70 ..\obj\stm32f4xx_syscfg.o
                                 0x71 (size before relaxing)
 .comment       0x00000000       0x71 ..\obj\stm32f4xx_usart.o
 .comment       0x00000000       0x71 ..\obj\startup_stm32f4xx.o
 .comment       0x00000000       0x71 ..\obj\main.o
 .comment       0x00000000       0x71 ..\obj\stm32f4xx_rcc.o
 .comment       0x00000000       0x71 ..\obj\stm32f4xx_adc.o
 .comment       0x00000000       0x71 ..\obj\stm32f4xx_gpio.o
 .comment       0x00000000       0x71 ..\obj\syscalls.o
 .comment       0x00000000       0x71 ..\obj\bsp.o
 .comment       0x00000000       0x71 ..\obj\stm32f4xx_exti.o
 .comment       0x00000000       0x71 ..\obj\misc.o
 .comment       0x00000000       0x71 ..\obj\stm32f4xx_tim.o

.ARM.attributes
                0x00000000       0x31
 .ARM.attributes
                0x00000000       0x33 ..\obj\stm32f4xx_syscfg.o
 .ARM.attributes
                0x00000033       0x33 ..\obj\stm32f4xx_usart.o
 .ARM.attributes
                0x00000066       0x33 ..\obj\startup_stm32f4xx.o
 .ARM.attributes
                0x00000099       0x33 ..\obj\main.o
 .ARM.attributes
                0x000000cc       0x33 ..\obj\stm32f4xx_rcc.o
 .ARM.attributes
                0x000000ff       0x33 ..\obj\stm32f4xx_adc.o
 .ARM.attributes
                0x00000132       0x33 ..\obj\stm32f4xx_gpio.o
 .ARM.attributes
                0x00000165       0x33 ..\obj\syscalls.o
 .ARM.attributes
                0x00000198       0x33 ..\obj\bsp.o
 .ARM.attributes
                0x000001cb       0x33 ..\obj\stm32f4xx_exti.o
 .ARM.attributes
                0x000001fe       0x33 ..\obj\misc.o
 .ARM.attributes
                0x00000231       0x33 ..\obj\stm32f4xx_tim.o
 .ARM.attributes
                0x00000264       0x1e c:/program files (x86)/gnu tools arm embedded/4.8 2014q2/bin/../lib/gcc/arm-none-eabi/4.8.4/armv7e-m\libgcc.a(_arm_addsubdf3.o)
 .ARM.attributes
                0x00000282       0x1e c:/program files (x86)/gnu tools arm embedded/4.8 2014q2/bin/../lib/gcc/arm-none-eabi/4.8.4/armv7e-m\libgcc.a(_arm_muldivdf3.o)
 .ARM.attributes
                0x000002a0       0x1e c:/program files (x86)/gnu tools arm embedded/4.8 2014q2/bin/../lib/gcc/arm-none-eabi/4.8.4/armv7e-m\libgcc.a(_arm_truncdfsf2.o)
 .ARM.attributes
                0x000002be       0x1e c:/program files (x86)/gnu tools arm embedded/4.8 2014q2/bin/../lib/gcc/arm-none-eabi/4.8.4/armv7e-m\libgcc.a(_arm_addsubsf3.o)
 .ARM.attributes
                0x000002dc       0x1e c:/program files (x86)/gnu tools arm embedded/4.8 2014q2/bin/../lib/gcc/arm-none-eabi/4.8.4/armv7e-m\libgcc.a(_arm_muldivsf3.o)
 .ARM.attributes
                0x000002fa       0x1e c:/program files (x86)/gnu tools arm embedded/4.8 2014q2/bin/../lib/gcc/arm-none-eabi/4.8.4/armv7e-m\libgcc.a(_arm_fixsfsi.o)
 .ARM.attributes
                0x00000318       0x2e c:/program files (x86)/gnu tools arm embedded/4.8 2014q2/bin/../lib/gcc/arm-none-eabi/4.8.4/../../../../arm-none-eabi/lib/armv7e-m\libg.a(lib_a-sprintf.o)
 .ARM.attributes
                0x00000346       0x2e c:/program files (x86)/gnu tools arm embedded/4.8 2014q2/bin/../lib/gcc/arm-none-eabi/4.8.4/../../../../arm-none-eabi/lib/armv7e-m\libg.a(lib_a-svfprintf.o)
 .ARM.attributes
                0x00000374       0x2e c:/program files (x86)/gnu tools arm embedded/4.8 2014q2/bin/../lib/gcc/arm-none-eabi/4.8.4/../../../../arm-none-eabi/lib/armv7e-m\libg.a(lib_a-dtoa.o)
 .ARM.attributes
                0x000003a2       0x2e c:/program files (x86)/gnu tools arm embedded/4.8 2014q2/bin/../lib/gcc/arm-none-eabi/4.8.4/../../../../arm-none-eabi/lib/armv7e-m\libg.a(lib_a-impure.o)
 .ARM.attributes
                0x000003d0       0x2e c:/program files (x86)/gnu tools arm embedded/4.8 2014q2/bin/../lib/gcc/arm-none-eabi/4.8.4/../../../../arm-none-eabi/lib/armv7e-m\libg.a(lib_a-locale.o)
 .ARM.attributes
                0x000003fe       0x2e c:/program files (x86)/gnu tools arm embedded/4.8 2014q2/bin/../lib/gcc/arm-none-eabi/4.8.4/../../../../arm-none-eabi/lib/armv7e-m\libg.a(lib_a-mallocr.o)
 .ARM.attributes
                0x0000042c       0x2e c:/program files (x86)/gnu tools arm embedded/4.8 2014q2/bin/../lib/gcc/arm-none-eabi/4.8.4/../../../../arm-none-eabi/lib/armv7e-m\libg.a(lib_a-memchr-stub.o)
 .ARM.attributes
                0x0000045a       0x1c c:/program files (x86)/gnu tools arm embedded/4.8 2014q2/bin/../lib/gcc/arm-none-eabi/4.8.4/../../../../arm-none-eabi/lib/armv7e-m\libg.a(lib_a-memcpy.o)
 .ARM.attributes
                0x00000476       0x2e c:/program files (x86)/gnu tools arm embedded/4.8 2014q2/bin/../lib/gcc/arm-none-eabi/4.8.4/../../../../arm-none-eabi/lib/armv7e-m\libg.a(lib_a-mlock.o)
 .ARM.attributes
                0x000004a4       0x2e c:/program files (x86)/gnu tools arm embedded/4.8 2014q2/bin/../lib/gcc/arm-none-eabi/4.8.4/../../../../arm-none-eabi/lib/armv7e-m\libg.a(lib_a-mprec.o)
 .ARM.attributes
                0x000004d2       0x2e c:/program files (x86)/gnu tools arm embedded/4.8 2014q2/bin/../lib/gcc/arm-none-eabi/4.8.4/../../../../arm-none-eabi/lib/armv7e-m\libg.a(lib_a-s_fpclassify.o)
 .ARM.attributes
                0x00000500       0x2e c:/program files (x86)/gnu tools arm embedded/4.8 2014q2/bin/../lib/gcc/arm-none-eabi/4.8.4/../../../../arm-none-eabi/lib/armv7e-m\libg.a(lib_a-sbrkr.o)
 .ARM.attributes
                0x0000052e       0x2e c:/program files (x86)/gnu tools arm embedded/4.8 2014q2/bin/../lib/gcc/arm-none-eabi/4.8.4/../../../../arm-none-eabi/lib/armv7e-m\libg.a(lib_a-strlen.o)
 .ARM.attributes
                0x0000055c       0x2e c:/program files (x86)/gnu tools arm embedded/4.8 2014q2/bin/../lib/gcc/arm-none-eabi/4.8.4/../../../../arm-none-eabi/lib/armv7e-m\libg.a(lib_a-svfiprintf.o)
 .ARM.attributes
                0x0000058a       0x2e c:/program files (x86)/gnu tools arm embedded/4.8 2014q2/bin/../lib/gcc/arm-none-eabi/4.8.4/../../../../arm-none-eabi/lib/armv7e-m\libg.a(lib_a-callocr.o)
 .ARM.attributes
                0x000005b8       0x2e c:/program files (x86)/gnu tools arm embedded/4.8 2014q2/bin/../lib/gcc/arm-none-eabi/4.8.4/../../../../arm-none-eabi/lib/armv7e-m\libg.a(lib_a-freer.o)
 .ARM.attributes
                0x000005e6       0x2e c:/program files (x86)/gnu tools arm embedded/4.8 2014q2/bin/../lib/gcc/arm-none-eabi/4.8.4/../../../../arm-none-eabi/lib/armv7e-m\libg.a(lib_a-memmove.o)
 .ARM.attributes
                0x00000614       0x2e c:/program files (x86)/gnu tools arm embedded/4.8 2014q2/bin/../lib/gcc/arm-none-eabi/4.8.4/../../../../arm-none-eabi/lib/armv7e-m\libg.a(lib_a-memset.o)
 .ARM.attributes
                0x00000642       0x2e c:/program files (x86)/gnu tools arm embedded/4.8 2014q2/bin/../lib/gcc/arm-none-eabi/4.8.4/../../../../arm-none-eabi/lib/armv7e-m\libg.a(lib_a-reallocr.o)
 .ARM.attributes
                0x00000670       0x2e c:/program files (x86)/gnu tools arm embedded/4.8 2014q2/bin/../lib/gcc/arm-none-eabi/4.8.4/../../../../arm-none-eabi/lib/armv7e-m\libg.a(lib_a-reent.o)
 .ARM.attributes
                0x0000069e       0x1e c:/program files (x86)/gnu tools arm embedded/4.8 2014q2/bin/../lib/gcc/arm-none-eabi/4.8.4/armv7e-m\libgcc.a(_arm_cmpdf2.o)
 .ARM.attributes
                0x000006bc       0x1e c:/program files (x86)/gnu tools arm embedded/4.8 2014q2/bin/../lib/gcc/arm-none-eabi/4.8.4/armv7e-m\libgcc.a(_arm_fixdfsi.o)
 .ARM.attributes
                0x000006da       0x1e c:/program files (x86)/gnu tools arm embedded/4.8 2014q2/bin/../lib/gcc/arm-none-eabi/4.8.4/armv7e-m\libgcc.a(_aeabi_uldivmod.o)
 .ARM.attributes
                0x000006f8       0x2e c:/program files (x86)/gnu tools arm embedded/4.8 2014q2/bin/../lib/gcc/arm-none-eabi/4.8.4/armv7e-m\libgcc.a(bpabi.o)
 .ARM.attributes
                0x00000726       0x1e c:/program files (x86)/gnu tools arm embedded/4.8 2014q2/bin/../lib/gcc/arm-none-eabi/4.8.4/armv7e-m\libgcc.a(_dvmd_tls.o)
 .ARM.attributes
                0x00000744       0x2e c:/program files (x86)/gnu tools arm embedded/4.8 2014q2/bin/../lib/gcc/arm-none-eabi/4.8.4/armv7e-m\libgcc.a(_divdi3.o)
 .ARM.attributes
                0x00000772       0x2e c:/program files (x86)/gnu tools arm embedded/4.8 2014q2/bin/../lib/gcc/arm-none-eabi/4.8.4/armv7e-m\libgcc.a(_udivdi3.o)

.debug_frame    0x00000000     0x2600
 .debug_frame   0x00000000       0xbc ..\obj\stm32f4xx_syscfg.o
 .debug_frame   0x000000bc      0x344 ..\obj\stm32f4xx_usart.o
 .debug_frame   0x00000400       0x48 ..\obj\startup_stm32f4xx.o
 .debug_frame   0x00000448       0xb8 ..\obj\main.o
 .debug_frame   0x00000500      0x4d8 ..\obj\stm32f4xx_rcc.o
 .debug_frame   0x000009d8      0x434 ..\obj\stm32f4xx_adc.o
 .debug_frame   0x00000e0c      0x19c ..\obj\stm32f4xx_gpio.o
 .debug_frame   0x00000fa8      0x108 ..\obj\syscalls.o
 .debug_frame   0x000010b0      0x250 ..\obj\bsp.o
 .debug_frame   0x00001300       0xec ..\obj\stm32f4xx_exti.o
 .debug_frame   0x000013ec       0x9c ..\obj\misc.o
 .debug_frame   0x00001488      0xa3c ..\obj\stm32f4xx_tim.o
 .debug_frame   0x00001ec4       0x64 c:/program files (x86)/gnu tools arm embedded/4.8 2014q2/bin/../lib/gcc/arm-none-eabi/4.8.4/../../../../arm-none-eabi/lib/armv7e-m\libg.a(lib_a-sprintf.o)
 .debug_frame   0x00001f28       0x3c c:/program files (x86)/gnu tools arm embedded/4.8 2014q2/bin/../lib/gcc/arm-none-eabi/4.8.4/../../../../arm-none-eabi/lib/armv7e-m\libg.a(lib_a-svfprintf.o)
 .debug_frame   0x00001f64       0x64 c:/program files (x86)/gnu tools arm embedded/4.8 2014q2/bin/../lib/gcc/arm-none-eabi/4.8.4/../../../../arm-none-eabi/lib/armv7e-m\libg.a(lib_a-dtoa.o)
 .debug_frame   0x00001fc8       0x98 c:/program files (x86)/gnu tools arm embedded/4.8 2014q2/bin/../lib/gcc/arm-none-eabi/4.8.4/../../../../arm-none-eabi/lib/armv7e-m\libg.a(lib_a-locale.o)
 .debug_frame   0x00002060       0x38 c:/program files (x86)/gnu tools arm embedded/4.8 2014q2/bin/../lib/gcc/arm-none-eabi/4.8.4/../../../../arm-none-eabi/lib/armv7e-m\libg.a(lib_a-mallocr.o)
 .debug_frame   0x00002098       0x2c c:/program files (x86)/gnu tools arm embedded/4.8 2014q2/bin/../lib/gcc/arm-none-eabi/4.8.4/../../../../arm-none-eabi/lib/armv7e-m\libg.a(lib_a-memchr-stub.o)
 .debug_frame   0x000020c4       0x30 c:/program files (x86)/gnu tools arm embedded/4.8 2014q2/bin/../lib/gcc/arm-none-eabi/4.8.4/../../../../arm-none-eabi/lib/armv7e-m\libg.a(lib_a-mlock.o)
 .debug_frame   0x000020f4      0x22c c:/program files (x86)/gnu tools arm embedded/4.8 2014q2/bin/../lib/gcc/arm-none-eabi/4.8.4/../../../../arm-none-eabi/lib/armv7e-m\libg.a(lib_a-mprec.o)
 .debug_frame   0x00002320       0x28 c:/program files (x86)/gnu tools arm embedded/4.8 2014q2/bin/../lib/gcc/arm-none-eabi/4.8.4/../../../../arm-none-eabi/lib/armv7e-m\libg.a(lib_a-s_fpclassify.o)
 .debug_frame   0x00002348       0x2c c:/program files (x86)/gnu tools arm embedded/4.8 2014q2/bin/../lib/gcc/arm-none-eabi/4.8.4/../../../../arm-none-eabi/lib/armv7e-m\libg.a(lib_a-sbrkr.o)
 .debug_frame   0x00002374       0x20 c:/program files (x86)/gnu tools arm embedded/4.8 2014q2/bin/../lib/gcc/arm-none-eabi/4.8.4/../../../../arm-none-eabi/lib/armv7e-m\libg.a(lib_a-strlen.o)
 .debug_frame   0x00002394       0x64 c:/program files (x86)/gnu tools arm embedded/4.8 2014q2/bin/../lib/gcc/arm-none-eabi/4.8.4/../../../../arm-none-eabi/lib/armv7e-m\libg.a(lib_a-svfiprintf.o)
 .debug_frame   0x000023f8       0x28 c:/program files (x86)/gnu tools arm embedded/4.8 2014q2/bin/../lib/gcc/arm-none-eabi/4.8.4/../../../../arm-none-eabi/lib/armv7e-m\libg.a(lib_a-callocr.o)
 .debug_frame   0x00002420       0x50 c:/program files (x86)/gnu tools arm embedded/4.8 2014q2/bin/../lib/gcc/arm-none-eabi/4.8.4/../../../../arm-none-eabi/lib/armv7e-m\libg.a(lib_a-freer.o)
 .debug_frame   0x00002470       0x2c c:/program files (x86)/gnu tools arm embedded/4.8 2014q2/bin/../lib/gcc/arm-none-eabi/4.8.4/../../../../arm-none-eabi/lib/armv7e-m\libg.a(lib_a-memmove.o)
 .debug_frame   0x0000249c       0x2c c:/program files (x86)/gnu tools arm embedded/4.8 2014q2/bin/../lib/gcc/arm-none-eabi/4.8.4/../../../../arm-none-eabi/lib/armv7e-m\libg.a(lib_a-memset.o)
 .debug_frame   0x000024c8       0x38 c:/program files (x86)/gnu tools arm embedded/4.8 2014q2/bin/../lib/gcc/arm-none-eabi/4.8.4/../../../../arm-none-eabi/lib/armv7e-m\libg.a(lib_a-reallocr.o)
 .debug_frame   0x00002500       0x48 c:/program files (x86)/gnu tools arm embedded/4.8 2014q2/bin/../lib/gcc/arm-none-eabi/4.8.4/../../../../arm-none-eabi/lib/armv7e-m\libg.a(lib_a-reent.o)
 .debug_frame   0x00002548       0x50 c:/program files (x86)/gnu tools arm embedded/4.8 2014q2/bin/../lib/gcc/arm-none-eabi/4.8.4/armv7e-m\libgcc.a(bpabi.o)
 .debug_frame   0x00002598       0x34 c:/program files (x86)/gnu tools arm embedded/4.8 2014q2/bin/../lib/gcc/arm-none-eabi/4.8.4/armv7e-m\libgcc.a(_divdi3.o)
 .debug_frame   0x000025cc       0x34 c:/program files (x86)/gnu tools arm embedded/4.8 2014q2/bin/../lib/gcc/arm-none-eabi/4.8.4/armv7e-m\libgcc.a(_udivdi3.o)
